// Vitest Snapshot v1, https://vitest.dev/guide/snapshot.html

exports[`module > should export an eslint config 1`] = `
{
  "extends": [
    "eslint:recommended",
    "plugin:@typescript-eslint/recommended",
    "plugin:react/recommended",
    "plugin:react-hooks/recommended",
    "plugin:prettier/recommended",
    "plugin:testing-library/react",
  ],
  "parser": "@typescript-eslint/parser",
  "plugins": [
    "@typescript-eslint",
  ],
  "rules": {
    "@typescript-eslint/no-unused-vars": [
      "warn",
      {
        "argsIgnorePattern": "^_",
        "ignoreRestSiblings": true,
      },
    ],
    "react/react-in-jsx-scope": "off",
  },
  "settings": {
    "react": {
      "version": "detect",
    },
  },
}
`;
