// Vitest Snapshot v1, https://vitest.dev/guide/snapshot.html

exports[`module > should export an eslint config 1`] = `
{
  "extends": [
    "eslint:recommended",
    "plugin:@typescript-eslint/recommended",
    "plugin:prettier/recommended",
  ],
  "overrides": [
    {
      "extends": [
        "plugin:vitest/recommended",
      ],
      "files": [
        "*.{spec,test}.{js,ts,tsx}",
        "**/__{mocks,tests}__/**/*.{js,ts,tsx}",
      ],
      "rules": {
        "vitest/no-focused-tests": [
          "error",
        ],
      },
    },
  ],
  "parser": "@typescript-eslint/parser",
  "parserOptions": {
    "warnOnUnsupportedTypeScriptVersion": false,
  },
  "plugins": [
    "@typescript-eslint",
  ],
  "rules": {
    "@typescript-eslint/no-unused-vars": [
      "warn",
      {
        "argsIgnorePattern": "^_",
        "ignoreRestSiblings": true,
        "varsIgnorePattern": "^_",
      },
    ],
  },
  "settings": {
    "react": {
      "version": "detect",
    },
  },
}
`;
